src/components/clinic/ClinicBookingModal.tsx(2,69): error TS6133: 'Clock' is declared but its value is never read.
src/components/clinic/ClinicBookingModal.tsx(4,1): error TS6133: 'useSelector' is declared but its value is never read.
src/components/clinic/ClinicBookingModal.tsx(5,1): error TS6133: 'RootState' is declared but its value is never read.
src/components/crm/CRMBookingModal.tsx(39,5): error TS6133: 'bookedBy' is declared but its value is never read.
src/components/molecules/AppointmentCard.tsx(5,35): error TS2307: Cannot find module '@/common/enums/appointment-status.enum' or its corresponding type declarations.
src/components/molecules/ClinicInfo.tsx(1,17): error TS6133: 'useState' is declared but its value is never read.
src/components/molecules/ClinicInfo.tsx(2,1): error TS6133: 'Button' is declared but its value is never read.
src/components/molecules/ClinicInfo.tsx(14,3): error TS6133: 'title' is declared but its value is never read.
src/components/molecules/ClinicInfo.tsx(15,3): error TS6133: 'duration' is declared but its value is never read.
src/components/molecules/ClinicInfo.tsx(17,3): error TS6133: 'discount' is declared but its value is never read.
src/components/molecules/ClinicInfo.tsx(18,3): error TS6133: 'price' is declared but its value is never read.
src/components/molecules/ClinicInfo.tsx(19,3): error TS6133: 'id' is declared but its value is never read.
src/components/molecules/NotificationDropdown.tsx(87,11): error TS6133: 'navigate' is declared but its value is never read.
src/components/organisms/CustomerDetails/CustomerDetails.tsx(7,3): error TS6133: 'MapPin' is declared but its value is never read.
src/components/organisms/CustomerDetails/CustomerDetails.tsx(8,3): error TS6133: 'Clock' is declared but its value is never read.
src/components/organisms/CustomerDetails/CustomerDetails.tsx(11,3): error TS6133: 'Star' is declared but its value is never read.
src/components/organisms/CustomerDetails/CustomerDetails.tsx(13,3): error TS6133: 'AlertCircle' is declared but its value is never read.
src/components/organisms/CustomerDetails/CustomerDetails.tsx(16,3): error TS6133: 'Stethoscope' is declared but its value is never read.
src/components/organisms/CustomerDetails/CustomerDetails.tsx(17,3): error TS6133: 'Tag' is declared but its value is never read.
src/components/organisms/CustomerDetails/CustomerDetails.tsx(19,3): error TS6133: 'FileText' is declared but its value is never read.
src/components/organisms/CustomerDetails/CustomerDetails.tsx(24,3): error TS6133: 'Layout' is declared but its value is never read.
src/components/organisms/CustomerDetails/CustomerDetails.tsx(25,3): error TS6133: 'Check' is declared but its value is never read.
src/components/organisms/CustomerDetails/CustomerDetails.tsx(26,3): error TS6133: 'ChevronRight' is declared but its value is never read.
src/components/organisms/CustomerDetails/CustomerDetails.tsx(66,1): error TS6133: 'TagForm' is declared but its value is never read.
src/components/organisms/CustomerDetails/CustomerDetails.tsx(68,10): error TS6133: 'crmAPI' is declared but its value is never read.
src/components/organisms/CustomerDetails/CustomerDetails.tsx(184,58): error TS6133: 'tags' is declared but its value is never read.
src/components/organisms/CustomerDetails/CustomerDetails.tsx(188,9): error TS6133: 'scrollToTabs' is declared but its value is never read.
src/components/organisms/DuplicateDetection/DuplicateDetection.tsx(7,3): error TS6133: 'Copy' is declared but its value is never read.
src/components/organisms/DuplicateDetection/DuplicateDetection.tsx(23,1): error TS6133: 'DuplicateCheckResult' is declared but its value is never read.
src/components/organisms/DuplicateDetection/DuplicateDetection.tsx(71,9): error TS6133: 'formatDate' is declared but its value is never read.
src/components/organisms/Sidebar.tsx(44,7): error TS6133: 'secretariatLinks' is declared but its value is never read.
src/components/organisms/Sidebar.tsx(51,7): error TS6133: 'doctorLinks' is declared but its value is never read.
src/components/ui/DataTable.tsx(23,3): error TS6133: 'searchKey' is declared but its value is never read.
src/pages/Admin/AuditLogs.tsx(2,10): error TS6133: 'Search' is declared but its value is never read.
src/pages/Admin/AuditLogs.tsx(2,18): error TS6133: 'Filter' is declared but its value is never read.
src/pages/Admin/AuditLogs.tsx(2,41): error TS6133: 'Calendar' is declared but its value is never read.
src/pages/Admin/AuditLogs.tsx(2,51): error TS6133: 'Activity' is declared but its value is never read.
src/pages/Admin/ClinicAnalyticsPage.tsx(10,23): error TS6133: 'Calendar' is declared but its value is never read.
src/pages/Admin/ClinicAnalyticsPage.tsx(10,33): error TS6133: 'CheckCircle' is declared but its value is never read.
src/pages/Admin/ClinicAnalyticsPage.tsx(10,46): error TS6133: 'XCircle' is declared but its value is never read.
src/pages/Admin/ClinicAnalyticsPage.tsx(10,55): error TS6133: 'AlertTriangle' is declared but its value is never read.
src/pages/Admin/ClinicAnalyticsPage.tsx(11,25): error TS6133: 'RefreshCw' is declared but its value is never read.
src/pages/Admin/Clinics.tsx(5,5): error TS6133: 'Clock' is declared but its value is never read.
src/pages/Admin/Clinics.tsx(5,12): error TS6133: 'CheckCircle2' is declared but its value is never read.
src/pages/Admin/Clinics.tsx(14,33): error TS6133: 'error' is declared but its value is never read.
src/pages/Admin/ManagerCRM/AccessControl.tsx(15,3): error TS6133: 'Search' is declared but its value is never read.
src/pages/Admin/ManagerCRM/Benefits.tsx(14,3): error TS6133: 'ChevronRight' is declared but its value is never read.
src/pages/Admin/ManagerDashboard/columns/agentColumns.tsx(1,1): error TS6133: 'React' is declared but its value is never read.
src/pages/Admin/ManagerDashboard/columns/serviceColumns.tsx(1,1): error TS6133: 'React' is declared but its value is never read.
src/pages/Admin/ManagerDashboard/ManagerDashboard.tsx(10,3): error TS6133: 'BookOpen' is declared but its value is never read.
src/pages/Admin/ManagerDashboard/ManagerDashboard.tsx(22,3): error TS6133: 'Briefcase' is declared but its value is never read.
src/pages/Admin/ManagerDashboard/ManagerDashboard.tsx(24,8): error TS6133: 'React' is declared but its value is never read.
src/pages/Admin/ManagerDashboard/ManagerDashboard.tsx(40,1): error TS6133: 'serviceColumns' is declared but its value is never read.
src/pages/Admin/ManagerDashboard/ManagerDashboard.tsx(426,128): error TS6133: 'index' is declared but its value is never read.
src/pages/Admin/NotificationSettings.tsx(3,10): error TS6133: 'Bell' is declared but its value is never read.
src/pages/Admin/SystemLists.tsx(2,82): error TS6133: 'Building' is declared but its value is never read.
src/pages/Admin/TherapyCatalog.tsx(7,5): error TS6133: 'Filter' is declared but its value is never read.
src/pages/Admin/TherapyCatalog.tsx(13,5): error TS6133: 'Info' is declared but its value is never read.
src/pages/Admin/TherapyCatalog.tsx(14,5): error TS6133: 'MoreVertical' is declared but its value is never read.
src/pages/Admin/TherapyCatalog.tsx(17,5): error TS6133: 'Clock' is declared but its value is never read.
src/pages/Admin/TherapyCatalog.tsx(20,1): error TS6133: 'Button' is declared but its value is never read.
src/pages/Admin/TherapyCatalog.tsx(50,12): error TS6133: 'isLoading' is declared but its value is never read.
src/pages/Client/AccountPages/Wallet.tsx(8,26): error TS6133: 'FaGift' is declared but its value is never read.
src/pages/Client/AccountPages/Wallet.tsx(20,9): error TS6133: 'dispatch' is declared but its value is never read.
src/pages/Client/AccountPages/Wallet.tsx(21,9): error TS6133: 'navigate' is declared but its value is never read.
src/pages/Client/AccountPages/Wallet.tsx(22,9): error TS6133: 'user' is declared but its value is never read.
src/pages/Client/History.tsx(25,39): error TS2367: This comparison appears to be unintentional because the types '"PENDING" | "CONFIRMED" | "ARRIVED" | "IN_PROGRESS" | "COMPLETED" | "CANCELLED" | "NO_SHOW"' and '"completed"' have no overlap.
src/pages/Client/MyAccount.tsx(4,1): error TS6133: 'Card' is declared but its value is never read.
src/pages/Client/MyAccount.tsx(16,10): error TS6133: 'RiWallet3Line' is declared but its value is never read.
src/pages/Client/MyAccount.tsx(17,10): error TS6133: 'FaBalanceScale' is declared but its value is never read.
src/pages/Client/MyAccount.tsx(19,1): error TS6192: All imports in import declaration are unused.
src/pages/Client/MyAccount.tsx(22,1): error TS6133: 'LayeredBG' is declared but its value is never read.
src/pages/Client/MyAccount.tsx(33,7): error TS6133: 'glassHeader' is declared but its value is never read.
src/pages/Client/Reviews.tsx(35,10): error TS6133: 'hoveredStar' is declared but its value is never read.
src/pages/Client/Reviews.tsx(35,23): error TS6133: 'setHoveredStar' is declared but its value is never read.
src/pages/Client/Reviews.tsx(42,14): error TS2367: This comparison appears to be unintentional because the types '"PENDING" | "CONFIRMED" | "ARRIVED" | "IN_PROGRESS" | "COMPLETED" | "CANCELLED" | "NO_SHOW"' and '"completed"' have no overlap.
src/pages/Client/Search.tsx(10,37): error TS6133: 'FaStar' is declared but its value is never read.
src/pages/Client/Search.tsx(39,24): error TS6133: 'setRatingFilter' is declared but its value is never read.
src/pages/Clinic/AnalyticsPage.tsx(3,44): error TS6133: 'Users' is declared but its value is never read.
src/pages/Clinic/NotificationsPage.tsx(7,43): error TS6133: 'X' is declared but its value is never read.
src/pages/Clinic/NotificationsPage.tsx(8,1): error TS6192: All imports in import declaration are unused.
src/pages/Clinic/Reports.tsx(5,52): error TS6133: 'Mail' is declared but its value is never read.
src/pages/Clinic/ReviewsPage.tsx(6,44): error TS6133: 'X' is declared but its value is never read.
src/pages/Clinic/ReviewsPage.tsx(6,61): error TS6133: 'TrendingUp' is declared but its value is never read.
src/pages/Clinic/StaffPage.tsx(2,10): error TS6133: 'useDispatch' is declared but its value is never read.
src/pages/Clinic/StaffPage.tsx(4,21): error TS6133: 'AppDispatch' is declared but its value is never read.
src/pages/CRM/Action.tsx(7,1): error TS6133: 'Input' is declared but its value is never read.
src/pages/CRM/Action.tsx(8,1): error TS6133: 'Select' is declared but its value is never read.
src/pages/CRM/Action.tsx(12,3): error TS6133: 'fetchPendingActions' is declared but its value is never read.
src/pages/CRM/Action.tsx(14,3): error TS6133: 'updateAction' is declared but its value is never read.
src/pages/CRM/Action.tsx(16,3): error TS6133: 'createAction' is declared but its value is never read.
src/pages/CRM/Action.tsx(21,1): error TS6133: 'randomUUID' is declared but its value is never read.
src/pages/CRM/Action.tsx(41,31): error TS6133: 'error' is declared but its value is never read.
src/pages/CRM/Action.tsx(41,38): error TS6133: 'leads' is declared but its value is never read.
src/pages/CRM/Action.tsx(48,10): error TS6133: 'formData' is declared but its value is never read.
src/pages/CRM/Action.tsx(48,20): error TS6133: 'setFormData' is declared but its value is never read.
src/pages/CRM/Action.tsx(60,10): error TS6133: 'activeTab' is declared but its value is never read.
src/pages/CRM/Action.tsx(60,21): error TS6133: 'setActiveTab' is declared but its value is never read.
src/pages/CRM/Action.tsx(61,22): error TS6133: 'setSearchTerm' is declared but its value is never read.
src/pages/CRM/BookingCalendar.tsx(15,93): error TS6133: 'addHours' is declared but its value is never read.
src/pages/CRM/CRM.tsx(33,1): error TS6133: 'Task' is declared but its value is never read.
src/pages/CRM/Customers.tsx(34,9): error TS6133: 'navigate' is declared but its value is never read.
src/pages/CRM/Customers.tsx(36,42): error TS6133: 'salespersons' is declared but its value is never read.
src/pages/CRM/Customers.tsx(106,9): error TS6133: 'handleEditCustomer' is declared but its value is never read.
src/pages/CRM/FacebookIntegration.tsx(1,17): error TS6133: 'useEffect' is declared but its value is never read.
src/pages/CRM/OneCustomerDetail.tsx(4,12): error TS6133: 'Tag' is declared but its value is never read.
src/pages/CRM/OneCustomerDetail.tsx(9,5): error TS6133: 'ClipboardCheck' is declared but its value is never read.
src/pages/CRM/OneCustomerDetail.tsx(28,5): error TS6133: 'removeCustomerTag' is declared but its value is never read.
src/pages/CRM/OneCustomerDetail.tsx(236,11): error TS6133: 'isBlocked' is declared but its value is never read.
src/pages/CRM/OneCustomerDetail.tsx(267,12): error TS6133: 'callSearchTerm' is declared but its value is never read.
src/pages/CRM/OneCustomerDetail.tsx(267,28): error TS6133: 'setCallSearchTerm' is declared but its value is never read.
src/pages/CRM/SalesAnalyticsDashboard.tsx(5,62): error TS6133: 'Legend' is declared but its value is never read.
src/pages/CRM/SalesAnalyticsDashboard.tsx(5,112): error TS6133: 'LineChart' is declared but its value is never read.
src/pages/CRM/SalesAnalyticsDashboard.tsx(5,123): error TS6133: 'Line' is declared but its value is never read.
src/pages/CRM/SalesAnalyticsDashboard.tsx(7,66): error TS6133: 'CheckCircle' is declared but its value is never read.
src/pages/CRM/SalesAnalyticsDashboard.tsx(10,1): error TS6133: 'Badge' is declared but its value is never read.
src/pages/CRM/SalesAnalyticsDashboard.tsx(33,26): error TS6133: 'setStatusFilter' is declared but its value is never read.
src/pages/CRM/SalesWeekCalendar.tsx(17,5): error TS6133: 'setSelectedClinic' is declared but its value is never read.
src/pages/CRM/SalesWeekCalendar.tsx(18,5): error TS6133: 'setSelectedDate' is declared but its value is never read.
src/pages/CRM/SalesWeekCalendar.tsx(19,5): error TS6133: 'setSelectedTimeSlot' is declared but its value is never read.
src/pages/CRM/SalesWeekCalendar.tsx(20,5): error TS6133: 'addService' is declared but its value is never read.
src/pages/CRM/SalesWeekCalendar.tsx(21,5): error TS6133: 'clearBooking' is declared but its value is never read.
src/pages/CRM/SalesWeekCalendar.tsx(40,11): error TS6133: 'navigate' is declared but its value is never read.
src/pages/CRM/SalesWeekCalendar.tsx(228,13): error TS6133: 'clientData' is declared but its value is never read.
src/pages/CRM/Tasks.tsx(16,3): error TS6133: 'deleteAction' is declared but its value is never read.
src/pages/CRM/Tasks.tsx(29,35): error TS6133: 'Trash2' is declared but its value is never read.
src/pages/CRM/Tasks.tsx(192,10): error TS6133: 'isFetchingApt' is declared but its value is never read.
src/pages/CRM/Tasks.tsx(449,9): error TS6133: 'handleCloseInteraction' is declared but its value is never read.
src/pages/Messages/ChatWindow.tsx(3,30): error TS6133: 'MoreVertical' is declared but its value is never read.
src/pages/Messages/MessagesPage.tsx(19,35): error TS6133: 'conversations' is declared but its value is never read.
src/pages/Messages/MessagesPage.tsx(20,32): error TS6133: 'currentUser' is declared but its value is never read.
src/pages/Messages/MessagesPage.tsx(189,43): error TS6133: 'icon' is declared but its value is never read.
src/pages/Register/Register.tsx(130,13): error TS6133: 'result' is declared but its value is never read.
src/services/firebase.ts(4,1): error TS6133: 'notificationsAPI' is declared but its value is never read.
src/store/slices/authSlice.ts(77,13): error TS6133: 'rejectWithValue' is declared but its value is never read.
