[dotenv@17.2.3] injecting env (40) from .env -- tip: ≡ƒöæ add access controls to secrets: https://dotenvx.com/ops
node.exe : Error fetching templates: TypeORMError: Entity metadata for 
User#assignedLeads was not found. Check if you specified a correct entity 
object and if it's connected in the connection options.
At C:\Users\ahsan\AppData\Roaming\npm\npx.ps1:24 char:5
+     & "node$exe"  "$basedir/node_modules/npm/bin/npx-cli.js" $args
+     ~~~~~~~~~~~~~~~~~~~~~~~~~~~~~~~~~~~~~~~~~~~~~~~~~~~~~~~~~~~~~~
    + CategoryInfo          : NotSpecified: (Error fetching ...ection options.: 
   String) [], RemoteException
    + FullyQualifiedErrorId : NativeCommandError
 
    at E:\ebizz\medical-aesthetics-backend\node_modules\src\metadata-builder\Ent
ityMetadataBuilder.ts:1128:23
    at Array.forEach (<anonymous>)
    at EntityMetadataBuilder.computeInverseProperties (E:\ebizz\medical-aestheti
cs-backend\node_modules\src\metadata-builder\EntityMetadataBuilder.ts:1118:34)
    at E:\ebizz\medical-aesthetics-backend\node_modules\src\metadata-builder\Ent
ityMetadataBuilder.ts:160:18
    at Array.forEach (<anonymous>)
    at EntityMetadataBuilder.build (E:\ebizz\medical-aesthetics-backend\node_mod
ules\src\metadata-builder\EntityMetadataBuilder.ts:159:25)
    at ConnectionMetadataBuilder.buildEntityMetadatas (E:\ebizz\medical-aestheti
cs-backend\node_modules\src\connection\ConnectionMetadataBuilder.ts:106:11)
    at processTicksAndRejections (node:internal/process/task_queues:105:5)
    at async DataSource.buildMetadatas (E:\ebizz\medical-aesthetics-backend\node
_modules\src\data-source\DataSource.ts:733:13)
    at async DataSource.initialize (E:\ebizz\medical-aesthetics-backend\node_mod
ules\src\data-source\DataSource.ts:264:13)
